List 0: a -> b -> c
List 1: 1 -> 1.11 -> 3.14 -> abracadbra -> x
Number of lists: 2
List 0
List 1
a -> b -> c
1 -> 1.11 -> 3.14 -> abracadbra -> x
