INVALID COMMAND: NEW
INVALID COMMAND: NEW
INVALID COMMAND: NEW
INVALID COMMAND: REMOVE
INVALID COMMAND: REMOVE
INVALID COMMAND: VIEW
INVALID COMMAND: VIEW
INVALID COMMAND: TYPE
