List 0: Why don't skeletons fight each other? They don't have the guts! Plus, they're all bone and no muscle, total pushovers! -> sorry -> for -> that -> joke
List 1: HëllöWörłd ->  ->  
Number of lists: 2
List 0
List 1
List 0 has been removed.

Number of lists: 1
List 1
string -> string -> char
List 1 has been removed.

Number of lists: 0
