List 0: this -> message -> is -> not -> right
List 0: this -> message -> is -> right
List 0: hope -> this -> message -> is -> right
List 0: i -> hope -> this -> message -> is -> right
i -> hope -> this -> message -> is -> right
