List 0: a -> b -> c
List 0: a -> b -> c -> e
List 0: a -> b -> c -> d -> e
List 0: a -> a -> b -> c -> d -> e
List 0: a -> b -> c -> d -> e
List 0: a -> b -> c -> d
List 0: a -> b -> d
List 0: a -> b
List 0: a
a
List 0 has been removed.

Number of lists: 0
List 1: alt Inputs
List 1: alt Inputs ->    
List 1: alt Inputs ->     -> <- gap
List 1: Ŧħëšë åřë -> alt Inputs ->     -> <- gap
