List 0: this -> is -> a -> list
INVALID COMMAND: DELETE
INVALID COMMAND: DELETE
INVALID COMMAND: INSERT
INVALID COMMAND: INSERT
INVALID COMMAND: INSERT
INVALID COMMAND: INSERT
INVALID COMMAND: INSERT
INVALID COMMAND: DELETE
INVALID COMMAND: DELETE
this -> is -> a -> list
Number of lists: 1
List 0
