List 0: lonely element
List 0: 
Number of lists: 1
List 0
List 1: 1 -> 2 -> 3 -> 4 -> 5 -> 6 -> 7 -> 8 -> 9 -> 10 -> 11 -> 12
List 1: 2 -> 3 -> 4 -> 5 -> 6 -> 7 -> 8 -> 9 -> 10 -> 11 -> 12
INVALID COMMAND: DELETE
INVALID COMMAND: DELETE
List 1: 2 -> 3 -> 4 -> 5 -> 6 -> 7 -> 8 -> 9 -> 10 -> 11
INVALID COMMAND: DELETE
List 1: intruder -> 2 -> 3 -> 4 -> 5 -> 6 -> 7 -> 8 -> 9 -> 10 -> 11
List 1: intruder -> 2 -> 3 -> 4 -> 5 -> 6 -> 7 -> 8 -> 9 -> 10 -> 11 -> trojan horse
List 1: intruder -> 2 -> 3 -> 4 -> 5 -> 6 -> 7 -> 8 ->       -> 9 -> 10 -> 11 -> trojan horse
INVALID COMMAND: INSERT
intruder -> 2 -> 3 -> 4 -> 5 -> 6 -> 7 -> 8 ->       -> 9 -> 10 -> 11 -> trojan horse
List 0 has been removed.

Number of lists: 1
List 1
